// Vitest Snapshot v1

exports[`(components) molecules/twitter > take snap shot 1`] = `
<div>
  <section
    aria-label="注意事項"
    class="css-u8u4n6"
    role="alert"
  >
    <div
      class="css-1m7spai"
    >
      <div
        class="css-cw7xep"
      >
        <span />
      </div>
      <h2
        class="css-qt9rcz-Caution"
      >
        バザーに関するお願い
      </h2>
    </div>
    <ul
      class="css-mvofyw-Caution"
    >
      <li
        class="css-u80qbw-Caution"
      >
        学内における飲食物の食べ歩きはご遠慮ください。
      </li>
      <li
        class="css-u80qbw-Caution"
      >
        学内バザーにて購入した飲食物のお持ち帰りはご遠慮ください
      </li>
      <li
        class="css-u80qbw-Caution"
      >
        各出店バザーにお並びいただく際、1つの出店につきお並びいただく人数は5人までとしておりますので、当日は係員の指示に従ってください。
      </li>
    </ul>
  </section>
</div>
`;
