// Vitest Snapshot v1

exports[`(components) organisms/sponsor-section > take snap shot 1`] = `
<div>
  <section
    aria-label="sponsors"
    class="css-wkpw2c"
  >
    <h1
      class="css-zsevfz-SponsorSection"
    >
      協賛企業
    </h1>
    <p
      class="css-vrdidw-SponsorSection"
    >
      第57回鈴鹿高専祭を開催するにあたって、多くの方にご支援賜りました。
こちらのページにてご協賛いただいた企業様、支援いただいた個人様のお名前を記載しておりますのでぜひご覧ください。
    </p>
    <a
      class="css-1ye31l5-Button"
      href="#"
      rel="noopener noreferrer"
      role="button"
      tabindex="0"
      target="_blank"
    >
      <p
        class="css-oca8th-Button"
      >
        READ MORE
      </p>
    </a>
  </section>
</div>
`;
