// Jest Snapshot v1, https://goo.gl/fbAQLP

exports[`(components) organisms/sponsor-section take snap shot 1`] = `
<div>
  <section
    aria-label="協賛企業"
    class="twin-1utt4d5-SponsorSectionContainar e1he0e0u0"
  >
    <h1
      class="twin-f7kb4u-Heading ebaq0s80"
    >
      協賛企業
    </h1>
    <p
      class="twin-zuqn7z-Text-SponsorSection epv4mo00"
    >
      今年の高専祭は3年ぶりの開催。
以下の企業様が鈴鹿高専祭を応援してくれています！
    </p>
    <ul
      class="twin-4njzar-SponsorSection"
    >
      <li
        class="twin-y76ykx-SponsorSection"
      >
        株式会社xx
      </li>
      <li
        class="twin-y76ykx-SponsorSection"
      >
        ...
      </li>
    </ul>
  </section>
</div>
`;
