// Vitest Snapshot v1

exports[`(components) organisms/sponsor-section > take snap shot 1`] = `
<div>
  <section
    aria-label="協賛企業"
    class="css-1ei48q8"
  >
    <h1
      class="css-h2on6j-Heading"
    >
      協賛企業
    </h1>
    <p
      class="css-5i9vob-SponsorSection"
    >
      今年の高専祭は3年ぶりの開催。
以下の企業様が鈴鹿高専祭を応援してくれています！
    </p>
    <ul>
      <li
        class="css-12w83hw-SponsorSection"
      >
        株式会社xx
      </li>
    </ul>
  </section>
</div>
`;
