// Vitest Snapshot v1

exports[`(components) templates/time-table > take snap shot 1`] = `
<div>
  <main
    aria-label="Time table"
    class="css-10jk6q1"
  >
    <div
      class="css-79elbk"
    >
      <img
        alt="ink"
        class="css-mhf7w5-Title"
        height="580"
        loading="eager"
        src="/statics/Ink3_yellow.webp"
        width="592"
      />
      <h1
        class="css-1ueto1"
      >
        Time schedule
      </h1>
    </div>
    <div
      class="css-1x9od01"
    >
      <div
        class="css-1qq4q19"
      >
        <button
          class="css-1vjtn3a-SwitchingButton"
          tabindex="0"
        >
          <p
            class="css-1as8kh0-SwitchingButton"
          >
            10.30
          </p>
        </button>
        <button
          class="css-1vjtn3a-SwitchingButton"
          tabindex="0"
        >
          <p
            class="css-1as8kh0-SwitchingButton"
          >
            10.31
          </p>
        </button>
      </div>
      <section
        aria-label="Time table"
        class="css-1uyb8rf-TimeTable"
      >
        <section
          class="css-paib3t-TimeTableAxis"
        >
          <time
            class="css-1wxgwcb-TimeTableAxis"
          >
            09:00
          </time>
          <time
            class="css-1wxgwcb-TimeTableAxis"
          >
            10:00
          </time>
          <time
            class="css-1wxgwcb-TimeTableAxis"
          >
            11:00
          </time>
          <time
            class="css-1wxgwcb-TimeTableAxis"
          >
            12:00
          </time>
          <time
            class="css-1wxgwcb-TimeTableAxis"
          >
            13:00
          </time>
          <time
            class="css-1wxgwcb-TimeTableAxis"
          >
            14:00
          </time>
          <time
            class="css-1wxgwcb-TimeTableAxis"
          >
            15:00
          </time>
          <time
            class="css-1wxgwcb-TimeTableAxis"
          >
            16:00
          </time>
        </section>
        <section
          aria-label="main"
          class="css-ebjbbp-TimeTableColumn"
        >
          <div
            class="css-1sgny0f-TimeTableHead"
          >
            <h2
              class="css-1fj6a01-TimeTableHead"
            >
              MAIN STAGE
            </h2>
            <h2
              class="css-1cgbium-TimeTableHead"
            >
              MAIN
            </h2>
          </div>
          <ul
            class="css-xfil3u-TimeTableRow"
          >
            <li
              class="css-1melwrt-TimeTableElement"
            >
              <time
                class="css-cj0c87-TimeTableElement"
              >
                <span
                  class="css-zu2x60-TimeTableElement"
                >
                  09:00
                </span>
                09:30
              </time>
              <p
                class="css-1e4vuyv-TimeTableElement"
              >
                オープニング
              </p>
            </li>
            <li
              class="css-1melwrt-TimeTableElement"
            >
              <time
                class="css-cj0c87-TimeTableElement"
              >
                <span
                  class="css-zu2x60-TimeTableElement"
                >
                  09:30
                </span>
                10:00
              </time>
              <p
                class="css-1e4vuyv-TimeTableElement"
              >
                音楽部コンサート
              </p>
            </li>
            <li
              class="css-1melwrt-TimeTableElement"
            >
              <time
                class="css-cj0c87-TimeTableElement"
              >
                <span
                  class="css-zu2x60-TimeTableElement"
                >
                  10:00
                </span>
                10:30
              </time>
              <p
                class="css-1e4vuyv-TimeTableElement"
              >
                常識力バトル
              </p>
            </li>
            <div />
            <li
              class="css-1melwrt-TimeTableElement"
            >
              <time
                class="css-cj0c87-TimeTableElement"
              >
                <span
                  class="css-zu2x60-TimeTableElement"
                >
                  10:45
                </span>
                11:15
              </time>
              <p
                class="css-1e4vuyv-TimeTableElement"
              >
                勝山組
              </p>
            </li>
            <div />
            <li
              class="css-1melwrt-TimeTableElement"
            >
              <time
                class="css-cj0c87-TimeTableElement"
              >
                <span
                  class="css-zu2x60-TimeTableElement"
                >
                  11:30
                </span>
                12:00
              </time>
              <p
                class="css-1e4vuyv-TimeTableElement"
              >
                へぇ王
              </p>
            </li>
            <div />
            <li
              class="css-1melwrt-TimeTableElement"
            >
              <time
                class="css-cj0c87-TimeTableElement"
              >
                <span
                  class="css-zu2x60-TimeTableElement"
                >
                  12:30
                </span>
                13:00
              </time>
              <p
                class="css-1e4vuyv-TimeTableElement"
              >
                腕1GP
              </p>
            </li>
            <div />
            <li
              class="css-1melwrt-TimeTableElement"
            >
              <time
                class="css-cj0c87-TimeTableElement"
              >
                <span
                  class="css-zu2x60-TimeTableElement"
                >
                  13:15
                </span>
                13:45
              </time>
              <p
                class="css-1e4vuyv-TimeTableElement"
              >
                TTTGP
              </p>
            </li>
            <div />
            <li
              class="css-1melwrt-TimeTableElement"
            >
              <time
                class="css-cj0c87-TimeTableElement"
              >
                <span
                  class="css-zu2x60-TimeTableElement"
                >
                  14:00
                </span>
                14:45
              </time>
              <p
                class="css-1e4vuyv-TimeTableElement"
              >
                EXBALLON
              </p>
            </li>
            <div />
          </ul>
        </section>
        <section
          aria-label="sub"
          class="css-ebjbbp-TimeTableColumn"
        >
          <div
            class="css-4x186p-TimeTableHead"
          >
            <h2
              class="css-1fj6a01-TimeTableHead"
            >
              SUB STAGE
            </h2>
            <h2
              class="css-1cgbium-TimeTableHead"
            >
              SUB
            </h2>
          </div>
          <ul
            class="css-1dzet44-TimeTableRow"
          >
            <div />
            <li
              class="css-rep3tn-TimeTableElement"
            >
              <time
                class="css-cj0c87-TimeTableElement"
              >
                <span
                  class="css-zu2x60-TimeTableElement"
                >
                  09:30
                </span>
                11:00
              </time>
              <p
                class="css-1e4vuyv-TimeTableElement"
              >
                アコギ部ライブ
              </p>
            </li>
            <li
              class="css-rep3tn-TimeTableElement"
            >
              <time
                class="css-cj0c87-TimeTableElement"
              >
                <span
                  class="css-zu2x60-TimeTableElement"
                >
                  11:00
                </span>
                11:30
              </time>
              <p
                class="css-1e4vuyv-TimeTableElement"
              >
                出張Radio
              </p>
            </li>
            <li
              class="css-rep3tn-TimeTableElement"
            >
              <time
                class="css-cj0c87-TimeTableElement"
              >
                <span
                  class="css-zu2x60-TimeTableElement"
                >
                  11:30
                </span>
                12:00
              </time>
              <p
                class="css-1e4vuyv-TimeTableElement"
              >
                乃木坂イントロクイズ
              </p>
            </li>
            <div />
            <li
              class="css-rep3tn-TimeTableElement"
            >
              <time
                class="css-cj0c87-TimeTableElement"
              >
                <span
                  class="css-zu2x60-TimeTableElement"
                >
                  12:30
                </span>
                14:30
              </time>
              <p
                class="css-1e4vuyv-TimeTableElement"
              >
                アコギ部ライブ
              </p>
            </li>
            <div />
            <li
              class="css-rep3tn-TimeTableElement"
            >
              <time
                class="css-cj0c87-TimeTableElement"
              >
                <span
                  class="css-zu2x60-TimeTableElement"
                >
                  15:00
                </span>
                15:45
              </time>
              <p
                class="css-1e4vuyv-TimeTableElement"
              >
                出張Radio
              </p>
            </li>
            <div />
          </ul>
        </section>
        <section
          aria-label="live"
          class="css-ebjbbp-TimeTableColumn"
        >
          <div
            class="css-1ixslyp-TimeTableHead"
          >
            <h2
              class="css-1fj6a01-TimeTableHead"
            >
              LIVE STAGE
            </h2>
            <h2
              class="css-1cgbium-TimeTableHead"
            >
              LIVE
            </h2>
          </div>
          <ul
            class="css-1904nmv-TimeTableRow"
          >
            <div />
            <li
              class="css-1xh0q70-TimeTableElement"
            >
              <time
                class="css-cj0c87-TimeTableElement"
              >
                <span
                  class="css-zu2x60-TimeTableElement"
                >
                  11:30
                </span>
                12:00
              </time>
              <p
                class="css-1e4vuyv-TimeTableElement"
              >
                Lana meer
              </p>
            </li>
            <div />
            <li
              class="css-1xh0q70-TimeTableElement"
            >
              <time
                class="css-cj0c87-TimeTableElement"
              >
                <span
                  class="css-zu2x60-TimeTableElement"
                >
                  12:15
                </span>
                12:45
              </time>
              <p
                class="css-1e4vuyv-TimeTableElement"
              >
                59.9
              </p>
            </li>
            <div />
            <li
              class="css-1xh0q70-TimeTableElement"
            >
              <time
                class="css-cj0c87-TimeTableElement"
              >
                <span
                  class="css-zu2x60-TimeTableElement"
                >
                  13:00
                </span>
                13:30
              </time>
              <p
                class="css-1e4vuyv-TimeTableElement"
              >
                さうし～きゃっと
              </p>
            </li>
            <div />
            <li
              class="css-1xh0q70-TimeTableElement"
            >
              <time
                class="css-cj0c87-TimeTableElement"
              >
                <span
                  class="css-zu2x60-TimeTableElement"
                >
                  13:45
                </span>
                14:15
              </time>
              <p
                class="css-1e4vuyv-TimeTableElement"
              >
                あどばん
              </p>
            </li>
            <div />
          </ul>
        </section>
        <section
          aria-label="game"
          class="css-ebjbbp-TimeTableColumn"
        >
          <div
            class="css-1j8luaq-TimeTableHead"
          >
            <h2
              class="css-1fj6a01-TimeTableHead"
            >
              GAME EVENT
            </h2>
            <h2
              class="css-1cgbium-TimeTableHead"
            >
              GAME
            </h2>
          </div>
          <ul
            class="css-3iecga-TimeTableRow"
          >
            <div />
            <li
              class="css-11jeojo-TimeTableElement"
            >
              <time
                class="css-cj0c87-TimeTableElement"
              >
                <span
                  class="css-zu2x60-TimeTableElement"
                >
                  09:30
                </span>
                13:45
              </time>
              <p
                class="css-1e4vuyv-TimeTableElement"
              >
                大乱闘スマッシュブラザーズSPECIAL
              </p>
            </li>
          </ul>
        </section>
      </section>
    </div>
  </main>
</div>
`;
