// Vitest Snapshot v1

exports[`(components) organisms/hero-section > take snap shot 1`] = `
<div>
  <header
    class="css-j7qwjs"
  >
    <div
      class="css-bg20hz-HeroSection"
    >
      <p
        class="css-8shmws-HeroSection"
      >
        第57回鈴鹿高専祭
      </p>
      <img
        alt="第57回鈴鹿高専祭、Re:ROADのロゴ"
        class="css-1ysdsd"
        height="247"
        src="/statics/logo.webp"
        width="1212"
      />
      <p
        class="css-8shmws-HeroSection"
      >
        2022.10.30-31
      </p>
    </div>
  </header>
</div>
`;
