// Jest Snapshot v1, https://goo.gl/fbAQLP

exports[`(components) organisms/hero-section take snap shot 1`] = `
<div>
  <section
    aria-label="第57回鈴鹿高専祭"
    class="twin-1khm9dj-HeroSectionContainer e1bk5cli1"
  >
    <div
      class="twin-so5o4z-Backgorund-HeroSection e1bk5cli0"
    >
      <p
        class="twin-1h43r6k-Text-HeroSection epv4mo00"
      >
        第57回鈴鹿高専祭
      </p>
      <img
        alt="第57回鈴鹿高専祭、Re:ROADのロゴ"
        class="twin-gjrcqc-HeroSection"
        height="247"
        src="/statics/logo.webp"
        width="1212"
      />
      <p
        class="twin-1h43r6k-Text-HeroSection epv4mo00"
      >
        2022.10.30-31
      </p>
    </div>
  </section>
</div>
`;
