// Vitest Snapshot v1

exports[`(components) organisms/festa-section > take snap shot 1`] = `
<div>
  <section
    aria-label="今年のテーマ「Re:ROAD」について"
    class="css-wkpw2c"
  >
    <h1
      class="css-1aaoobw-FestaSection"
    >
      About
    </h1>
    <h2
      class="css-gko5cy-FestaSection"
    >
      今年のテーマ「Re:ROAD」について
    </h2>
    <p
      class="css-19xv45d-FestaSection"
    >
      第57回鈴鹿高専祭、テーマは「Re:ROAD」
今回のテーマ「Re:ROAD」には「道（Road）」を創り直す（Re）という意味と、「弾をこめる・再補填する（Reload）」という意味を使い、「今年の準備をする」「来年以降、これから先のための高専祭を行う」という想いが込められています。

2019年を最後に鈴鹿高専祭は行われていません。
そのため過去のデータもあまり残っておらず本当に1から、いや0からのスタートです。
まだ何色にも色づいていない第57回鈴鹿高専祭を今から色づけていきます。
    </p>
  </section>
</div>
`;
