// Vitest Snapshot v1

exports[`(components) molecules/twitter > take snap shot 1`] = `
<div>
  <figure
    class="css-1rezowt"
  >
    <div
      class="css-g9iroc"
    >
      <a
        class="twitter-timeline css-hr7d9o"
        data-height="420"
        data-width="240"
        href="https://twitter.com/KOSENFESTA?ref_src=twsrc%5Etfw"
      >
        Tweets by KOSENFESTA
      </a>
    </div>
    <div
      class="css-1uvl77q"
    >
      <a
        class="twitter-timeline css-hr7d9o"
        data-height="410"
        data-width="288"
        href="https://twitter.com/KOSENFESTA?ref_src=twsrc%5Etfw"
      >
        Tweets by KOSENFESTA
      </a>
    </div>
  </figure>
</div>
`;
