// Vitest Snapshot v1

exports[`(components) molecules/time-table-row > take snap shot 1`] = `
<div>
  <ul
    class="css-1vf1wns-TimeTableRow"
  >
    <li
      class="css-1ycdo6t-TimeTableElement"
    >
      <time
        class="css-1phduix-TimeTableElement"
      >
        <span
          class="css-zu2x60-TimeTableElement"
        >
          09:00
        </span>
        09:30
      </time>
      <p
        class="css-1phduix-TimeTableElement"
      >
        オープニング
      </p>
    </li>
    <li
      class="css-1ycdo6t-TimeTableElement"
    >
      <time
        class="css-1phduix-TimeTableElement"
      >
        <span
          class="css-zu2x60-TimeTableElement"
        >
          09:30
        </span>
        10:00
      </time>
      <p
        class="css-1phduix-TimeTableElement"
      >
        音楽部コンサート
      </p>
    </li>
    <li
      class="css-1ycdo6t-TimeTableElement"
    >
      <time
        class="css-1phduix-TimeTableElement"
      >
        <span
          class="css-zu2x60-TimeTableElement"
        >
          10:00
        </span>
        10:30
      </time>
      <p
        class="css-1phduix-TimeTableElement"
      >
        常識力バトル
      </p>
    </li>
    <div />
    <li
      class="css-1ycdo6t-TimeTableElement"
    >
      <time
        class="css-1phduix-TimeTableElement"
      >
        <span
          class="css-zu2x60-TimeTableElement"
        >
          10:45
        </span>
        11:15
      </time>
      <p
        class="css-1phduix-TimeTableElement"
      >
        勝山組
      </p>
    </li>
    <div />
    <li
      class="css-1ycdo6t-TimeTableElement"
    >
      <time
        class="css-1phduix-TimeTableElement"
      >
        <span
          class="css-zu2x60-TimeTableElement"
        >
          11:30
        </span>
        12:00
      </time>
      <p
        class="css-1phduix-TimeTableElement"
      >
        へぇ王
      </p>
    </li>
    <div />
    <li
      class="css-1ycdo6t-TimeTableElement"
    >
      <time
        class="css-1phduix-TimeTableElement"
      >
        <span
          class="css-zu2x60-TimeTableElement"
        >
          12:30
        </span>
        13:00
      </time>
      <p
        class="css-1phduix-TimeTableElement"
      >
        腕1GP
      </p>
    </li>
    <div />
    <li
      class="css-1ycdo6t-TimeTableElement"
    >
      <time
        class="css-1phduix-TimeTableElement"
      >
        <span
          class="css-zu2x60-TimeTableElement"
        >
          13:15
        </span>
        13:45
      </time>
      <p
        class="css-1phduix-TimeTableElement"
      >
        TTTGP
      </p>
    </li>
    <div />
    <li
      class="css-1ycdo6t-TimeTableElement"
    >
      <time
        class="css-1phduix-TimeTableElement"
      >
        <span
          class="css-zu2x60-TimeTableElement"
        >
          14:00
        </span>
        14:45
      </time>
      <p
        class="css-1phduix-TimeTableElement"
      >
        EXBALLON
      </p>
    </li>
  </ul>
</div>
`;
