// Vitest Snapshot v1

exports[`(components) templates/layout > take snap shot 1`] = `
<div>
  <div
    class="css-1hq8773"
  >
    <div
      class="css-h1gvs3"
    >
      <header
        class="css-j7qwjs"
      >
        <div
          class="css-bg20hz-HeroSection"
        >
          <p
            class="css-19ggdn4-HeroSection"
          >
            第57回鈴鹿高専祭
          </p>
          <img
            alt="第57回鈴鹿高専祭、Re:ROADのロゴ"
            class="css-1ysdsd"
            height="247"
            src="/statics/logo.webp"
            width="1212"
          />
          <p
            class="css-19ggdn4-HeroSection"
          >
            2022.10.30-31
          </p>
        </div>
      </header>
      <main
        class="css-p8s7gt"
      >
        <section />
      </main>
      <footer
        class="css-1a88kbw"
        role="contentinfo"
      >
        <a
          class="css-154ykdi-Footer"
          href="https://github.com/suzuka-kosen-festa/2022-HP/blob/main/LICENSE"
          rel="noopener noreferrer"
          role="link"
          tabindex="0"
          target="_blank"
        >
          © 
          第57回鈴鹿高専祭実行委員会
        </a>
      </footer>
    </div>
  </div>
</div>
`;
