// Jest Snapshot v1, https://goo.gl/fbAQLP

exports[`(components) templates/layout take snap shot 1`] = `
<div>
  <div
    class="twin-1m2qlh2-LayoutBox e1o6lh2y2"
  >
    <div
      class="twin-12mee5r-MainBox e1o6lh2y1"
    >
      <div
        class="twin-1vrhv8u-Main e1o6lh2y0"
        role="main"
      >
        <section />
      </div>
      <footer
        class="twin-802ljz-FooterBox e1cwxp960"
        role="contentinfo"
      >
        <a
          class="twin-1w1mmlr-AnchorText ey6ijqd0"
          href="https://github.com/suzuka-kosen-festa/2022-HP/blob/main/LICENSE"
          rel="noopener noreferrer"
          role="link"
          tabindex="0"
          target="_blank"
        >
          © 第57回鈴鹿高専祭実行委員会
        </a>
      </footer>
    </div>
  </div>
</div>
`;
