// Vitest Snapshot v1

exports[`(components) templates/layout > take snap shot 1`] = `
<div>
  <div
    class="css-1hq8773"
  >
    <div
      class="css-h1gvs3"
    >
      <section
        aria-label="第57回鈴鹿高専祭"
        class="css-j7qwjs"
      >
        <div
          class="css-18gds0z-HeroSection"
        >
          <h2
            class="css-4ovsui"
          >
            第57回鈴鹿高専祭
          </h2>
          <img
            alt="第57回鈴鹿高専祭、Re:ROADのロゴ"
            class="css-8atqhb"
            height="197"
            loading="eager"
            src="/statics/logo.png"
            width="948"
          />
          <h2
            class="css-4ovsui"
          >
            2022.10.30-31
          </h2>
        </div>
      </section>
      <main
        class="css-p8s7gt"
      >
        <section />
      </main>
      <footer
        class="css-1a88kbw"
        role="contentinfo"
      >
        <a
          class="css-486ym3-Footer"
          href="https://github.com/suzuka-kosen-festa/2022-HP/blob/main/LICENSE"
          rel="noopener noreferrer"
          role="link"
          tabindex="0"
          target="_blank"
        >
          © 
          第57回鈴鹿高専祭実行委員会
        </a>
      </footer>
    </div>
  </div>
</div>
`;
