// Vitest Snapshot v1

exports[`(components) molecules/map > take snap shot 1`] = `
<div>
  <figure
    class="css-s3afwo"
  >
    <div
      class="css-1yuaof5"
    >
      <iframe
        allowfullscreen=""
        class="css-u7aauf"
        id="map"
        loading="lazy"
        referrerpolicy="no-referrer-when-downgrade"
        role="document"
        src="https://www.google.com/maps/embed/v1/view?key=AIzaSyCk9WMilIT2wiBMqcn1YZQKJz5Lzy9ipQg&center=34.85167124241317%2C136.58132309784355&zoom=15"
        title="鈴鹿工業高等専門学校の地図"
      />
    </div>
  </figure>
</div>
`;
