// Jest Snapshot v1, https://goo.gl/fbAQLP

exports[`(components) organisms/footer take snap shot 1`] = `
<div>
  <footer
    class="twin-fas8s8-Footer"
    role="contentinfo"
  >
    <a
      class="twin-1msmckp-AnchorText-Footer ey6ijqd0"
      href="https://github.com/suzuka-kosen-festa/2022-HP/blob/main/LICENSE"
    >
      © 第57回鈴鹿高専祭実行委員会
    </a>
  </footer>
</div>
`;
