// Vitest Snapshot v1

exports[`(components) organisms/footer > take snap shot 1`] = `
<div>
  <footer
    class="css-143yzj5"
    role="contentinfo"
  >
    <a
      class="css-zld2jk"
      href="#"
      rel="noopener noreferrer"
      role="link"
      tabindex="0"
      target="_blank"
    >
      This is test
    </a>
  </footer>
</div>
`;
