// Vitest Snapshot v1

exports[`(components) organisms/pickup-section > take snap shot 1`] = `
<div>
  <section
    aria-label="pick up event"
    class="css-wkpw2c"
  >
    <h1
      class="css-16hzca7-PickupSection"
    >
      Pick up events
    </h1>
    <ul
      class="css-9y1ynn"
    >
      <li
        class="css-10pxw4f"
      >
        <h2
          class="css-1a2c2qr"
        >
          へぇ王
        </h2>
        <p
          class="css-y87pn1"
        >
          先生たちが自分の研究を紹介！4年生は卒研部を考えるいい機会に！高専生、中学生に向けた勉強イベント！
        </p>
        <div
          class="css-18lwsxv"
        >
          <p
            class="css-y87pn1"
          >
            日時: 
            10/30 (日) 11:30~
          </p>
          <p
            class="css-y87pn1"
          >
            場所: 
            メインステージ
          </p>
        </div>
      </li>
      <li
        class="css-10pxw4f"
      >
        <h2
          class="css-1a2c2qr"
        >
          TTTGP
        </h2>
        <p
          class="css-y87pn1"
        >
          その名もTop of TikTok GP！TikTokで流行ったダンス、音源、TikTokerなどTikTokに関するクイズを出題！
        </p>
        <div
          class="css-18lwsxv"
        >
          <p
            class="css-y87pn1"
          >
            日時: 
            10/30 (日) 13:15~
          </p>
          <p
            class="css-y87pn1"
          >
            場所: 
            メインステージ
          </p>
        </div>
      </li>
      <li
        class="css-10pxw4f"
      >
        <h2
          class="css-1a2c2qr"
        >
          俺1GP
        </h2>
        <p
          class="css-y87pn1"
        >
          鈴鹿高専のお笑いライブ！笑いで全てを包み込め！
        </p>
        <div
          class="css-18lwsxv"
        >
          <p
            class="css-y87pn1"
          >
            日時: 
            10/31 (月) 13:00~
          </p>
          <p
            class="css-y87pn1"
          >
            場所: 
            メインステージ
          </p>
        </div>
      </li>
      <li
        class="css-10pxw4f"
      >
        <h2
          class="css-1a2c2qr"
        >
          メモリーズ
        </h2>
        <p
          class="css-y87pn1"
        >
          5年生のダンス披露！みんなで頑張って踊ります！
        </p>
        <div
          class="css-18lwsxv"
        >
          <p
            class="css-y87pn1"
          >
            日時: 
            10/31 (月) 14:15~
          </p>
          <p
            class="css-y87pn1"
          >
            場所: 
            メインステージ
          </p>
        </div>
      </li>
    </ul>
    <a
      class="css-3os8bq-Button"
      href="/timetable"
      role="button"
      tabindex="0"
    >
      <p
        class="css-7bzdgk-Button"
      >
        タイムスケジュールを見る
      </p>
    </a>
  </section>
</div>
`;
