// Vitest Snapshot v1

exports[`(components) organisms/sns-section > take snap shot 1`] = `
<div>
  <section
    aria-label="SNS"
    class="css-wkpw2c"
  >
    <h1
      class="css-9pqi86-SnsSection"
    >
      SNS
    </h1>
    <p
      class="css-ha2rxj-SnsSection"
    >
      今年の鈴鹿高専祭では、史上初となるラジオの配信を行っています。
ご視聴はYouTube、Spotifyから！
    </p>
    <div
      class="css-yczkn0"
    >
      <a
        class="css-9uxhpu-SnsSection"
        href="https://twitter.com/KOSENFESTA"
        rel="noopener noreferrer"
        target="_blank"
      >
        <span />
      </a>
      <a
        class="css-9uxhpu-SnsSection"
        href="https://www.instagram.com/kosenfesta/"
        rel="noopener noreferrer"
        target="_blank"
      >
        <span />
      </a>
      <a
        class="css-9uxhpu-SnsSection"
        href="https://www.youtube.com/channel/UCV4zdsdagV2N3juHRz2dqQQ"
        rel="noopener noreferrer"
        target="_blank"
      >
        <span />
      </a>
      <a
        class="css-9uxhpu-SnsSection"
        href="https://open.spotify.com/show/4n0D0dsaFaPbJTz7tGpfTR?si=8yZ1H8LzTM-ZJPyYN6CU-A"
        rel="noopener noreferrer"
        target="_blank"
      >
        <span />
      </a>
    </div>
  </section>
</div>
`;
