// Vitest Snapshot v1

exports[`(components) organisms/about-section > take snap shot 1`] = `
<div>
  <section
    aria-label="鈴鹿高専について"
    class="css-wkpw2c"
  >
    <h1
      class="css-9ill3l-AboutSection"
    >
      NIT,Suzuka College
    </h1>
    <p
      class="css-1x1cl0z-AboutSection"
    >
      鈴鹿高専については本校ホームページをご覧ください。
    </p>
    <a
      class="css-t2w93t-Button"
      href="#"
      rel="noopener noreferrer"
      role="button"
      tabindex="0"
      target="_brank"
    >
      <p
        class="css-oca8th-Button"
      >
        鈴鹿高専ホームページ
      </p>
    </a>
  </section>
</div>
`;
