// Vitest Snapshot v1

exports[`(components) organisms/about-section > take snap shot 1`] = `
<div>
  <section
    aria-label="鈴鹿高専について"
    class="css-1ei48q8"
  >
    <h1
      class="css-xjoc4k-Heading"
    >
      鈴鹿高専について
    </h1>
    <p
      class="css-1x10uum"
    >
      鈴鹿高専については本校ホームページをご覧ください。
    </p>
    <a
      class="css-1a492j3"
      href="#"
      rel="noopener noreferrer"
      role="button"
      tabindex="0"
      target="_brank"
    >
      <p
        class="css-hr6n41-Button"
      >
        鈴鹿高専ホームページ
      </p>
    </a>
  </section>
</div>
`;
