// Vitest Snapshot v1

exports[`(components) molecules/pickup-card > take snap shot 1`] = `
<div>
  <li
    class="css-10pxw4f"
  >
    <h2
      class="css-1a2c2qr"
    >
      オープニング
    </h2>
    <p
      class="css-y87pn1"
    >
      空白の2年間、たくさんの協力を得て遂に開催！溜め込んだものを全て出し切れ！高専祭開幕です！
    </p>
    <div
      class="css-18lwsxv"
    >
      <p
        class="css-y87pn1"
      >
        日時: 
        10/30 (日) 09:00~
      </p>
      <p
        class="css-y87pn1"
      >
        場所: 
        メインステージ
      </p>
    </div>
  </li>
</div>
`;
