// Vitest Snapshot v1

exports[`(components) organisms/access-section > take snap shot 1`] = `
<div>
  <section
    aria-label="鈴鹿高専へのアクセス"
    class="css-zg1vud"
  >
    <h1
      class="css-8i7hlj-AccessSection"
    >
      Access
    </h1>
    <div
      class="css-1dydy61-AccessSection"
    >
      <p
        class="css-fgh3k-AccessSection"
      >
        〒
        510-0294 三重県鈴鹿市白子町
近鉄白子駅から徒歩約30分
三重交通バス東旭が丘3丁目から徒歩約7分
      </p>
      <iframe
        allowfullscreen=""
        class="css-1eaby7i-AccessSection"
        id="map"
        loading="lazy"
        referrerpolicy="no-referrer-when-downgrade"
        role="document"
        src="https://www.google.com/maps/embed/v1/view?key=AIzaSyCk9WMilIT2wiBMqcn1YZQKJz5Lzy9ipQg&center=34.85167124241317%2C136.58132309784355&zoom=15"
        title="鈴鹿工業高等専門学校の地図"
      />
    </div>
    <div
      class="css-wkpw2c"
    >
      <h2
        class="css-1cr981d-AccessSection"
      >
        お車でお越しの方へ
      </h2>
      <p
        class="css-q76i9-AccessSection"
      >
        駐車場はスペースに限りがございますのでご了承ください。
30日(日)は鈴鹿医療科学大学 白子キャンパス 様
31日(月)はMEGAドン・キホーテUNY鈴鹿店 様の屋上駐車場をご利用ください。
      </p>
      <img
        alt="周辺の駐車場の地図"
        class="css-1tfgm5w-AccessSection"
        height="464"
        loading="lazy"
        src="/statics/parking.webp"
        width="640"
      />
    </div>
  </section>
</div>
`;
