// Vitest Snapshot v1

exports[`(components) organisms/ticket-section > take snap shot 1`] = `
<div>
  <section
    aria-label="ticket"
    class="css-wkpw2c"
  >
    <h1
      class="css-1et2tyq-TicketSection"
    >
      Ticket
    </h1>
    <p
      class="css-6o3xps-TicketSection"
    >
      感染拡大防止のための入場制限により、ご入場いただける方を
本校学生とその家族・学生の友人各2名・本校の受験を考える中学生とその保護者1名・本校OB、OGの皆様・ご協賛いただいた企業の方に限定させていただいております。

また、中学生の皆様向けに 中学生受験相談室 というイベントを実施いたしますので、ぜひご参加ください。
日時：10/30（日)  10:30~12:00、14:00~15:30
場所：マルチメディア棟1階 図書館
    </p>
    <nav
      class="css-1ipjmcm"
    >
      <a
        class="css-jhmgok-Button"
        href="#"
        rel="noopener noreferrer"
        tabindex="0"
        target="_blank"
      >
        <p
          class="css-7bzdgk-Button"
        >
          中学生とその保護者の皆様の入場受付はこちら
        </p>
      </a>
      <a
        class="css-jhmgok-Button"
        href="#"
        rel="noopener noreferrer"
        tabindex="0"
        target="_blank"
      >
        <p
          class="css-7bzdgk-Button"
        >
          OB・OGの皆様の入場受付はこちら
        </p>
      </a>
    </nav>
  </section>
</div>
`;
