// Vitest Snapshot v1

exports[`(components) templates/top > take snap shot 1`] = `
<div>
  <main
    aria-label="Top page"
    class="css-1wx4hf8"
  >
    <section
      aria-label="『Re:ROAD』開催にあたってのお願い"
      class="css-wkpw2c"
    >
      <section
        aria-label="注意事項"
        class="css-u8u4n6"
        role="alert"
      >
        <div
          class="css-1m7spai"
        >
          <div
            class="css-1vlcokg"
          >
            <span />
          </div>
          <h2
            class="css-qt9rcz-Caution"
          >
            『Re:ROAD』開催にあたってのお願い
          </h2>
        </div>
        <ul
          class="css-mvofyw-Caution"
        >
          <li
            class="css-u80qbw-Caution"
          >
            <p
              class="css-17zcuf2"
            >
              Re:ROADでは、感染拡大防止のため
              <span
                class="css-786g6r"
              >
                入場制限
              </span>
              を設けています。ご入場にはチケットが必要となります。
            </p>
          </li>
          <li
            class="css-u80qbw-Caution"
          >
            <p
              class="css-17zcuf2"
            >
              発熱や風邪などの症状がある方のご入場はご遠慮ください。
            </p>
          </li>
          <li
            class="css-u80qbw-Caution"
          >
            <p
              class="css-17zcuf2"
            >
              イベントにおける
              <span
                class="css-786g6r"
              >
                声出し
              </span>
              はご遠慮いただき、
              <span
                class="css-786g6r"
              >
                拍手
              </span>
              での応援にご協力ください。
            </p>
          </li>
          <li
            class="css-u80qbw-Caution"
          >
            <p
              class="css-17zcuf2"
            >
              駐車場はスペースが限られているため、できるだけ公共交通機関を使ってお越しください。
            </p>
          </li>
        </ul>
      </section>
    </section>
    <section
      aria-label="ticket"
      class="css-wkpw2c"
    >
      <h1
        class="css-1et2tyq-TicketSection"
      >
        Tickets
      </h1>
      <p
        class="css-6o3xps-TicketSection"
      >
        入場制限により、ご入場いただける方を一部の方のみに限定させていただいております。

また、中学生の皆様向けに 中学生受験相談室 というイベントを実施いたしますので、ぜひご参加ください。
日時：10/30（日)　10:30~12:00、14:00~15:30
場所：マルチメディア棟1階 図書館
      </p>
      <nav
        class="css-1ipjmcm"
      >
        <a
          class="css-jabq07-Button"
          href="https://docs.google.com/forms/d/e/1FAIpQLSfOW-ZRsgRQFaZfdusbo_7IycPz6i0dgo2ou-TEk_UEZZIfrw/viewform"
          rel="noopener noreferrer"
          tabindex="0"
          target="_blank"
        >
          <p
            class="css-7bzdgk-Button"
          >
            中学生とその保護者の皆様の入場受付はこちら
          </p>
        </a>
        <a
          class="css-jabq07-Button"
          href="https://docs.google.com/forms/d/e/1FAIpQLSeuij0pjIOD8JTS__argba787SJ6Mj-hkpUNlDiPfo7ezrf5A/viewform"
          rel="noopener noreferrer"
          tabindex="0"
          target="_blank"
        >
          <p
            class="css-7bzdgk-Button"
          >
            OB・OGの皆様の入場受付はこちら
          </p>
        </a>
      </nav>
    </section>
    <section
      aria-label="今年のテーマ「Re:ROAD」について"
      class="css-wkpw2c"
    >
      <h1
        class="css-1uc4aan-FestaSection"
      >
        About
      </h1>
      <h2
        class="css-kv5ug9-FestaSection"
      >
        今年のテーマ『Re:ROAD』について
      </h2>
      <p
        class="css-l2da8p-FestaSection"
      >
        第57回鈴鹿高専祭、テーマは「Re:ROAD」
今回のテーマ「Re:ROAD」には「道（Road）」を創り直す（Re）という意味と、「弾をこめる・再補填する（Reload）」という意味を使い、「今年の準備をする」「来年以降、これから先のための高専祭を行う」という想いが込められています。

2019年を最後に鈴鹿高専祭は行われていません。
そのため過去のデータもあまり残っておらず本当に1から、いや0からのスタートです。
まだ何色にも色づいていない第57回鈴鹿高専祭を今から色づけていきます。
      </p>
      <a
        class="css-1eis7vz-Button"
        href="/member"
        role="button"
        tabindex="0"
      >
        <p
          class="css-oca8th-Button"
        >
          第57回鈴鹿高専祭メンバー
        </p>
      </a>
    </section>
    <section
      aria-label="SNS"
      class="css-wkpw2c"
    >
      <h1
        class="css-1sj4na4-SnsSection"
      >
        SNS
      </h1>
      <p
        class="css-1kjefg3-SnsSection"
      >
        今年の鈴鹿高専祭では、史上初となるラジオの配信を行っています。
ご視聴はYouTube、Spotifyから！
      </p>
      <div
        class="css-yczkn0"
      >
        <a
          class="css-9uxhpu-SnsSection"
          href="https://twitter.com/KOSENFESTA"
          rel="noopener noreferrer"
          target="_blank"
        >
          <span />
        </a>
        <a
          class="css-9uxhpu-SnsSection"
          href="https://www.instagram.com/kosenfesta/"
          rel="noopener noreferrer"
          target="_blank"
        >
          <span />
        </a>
        <a
          class="css-9uxhpu-SnsSection"
          href="https://www.youtube.com/channel/UCV4zdsdagV2N3juHRz2dqQQ"
          rel="noopener noreferrer"
          target="_blank"
        >
          <span />
        </a>
        <a
          class="css-9uxhpu-SnsSection"
          href="https://open.spotify.com/show/4n0D0dsaFaPbJTz7tGpfTR?si=8yZ1H8LzTM-ZJPyYN6CU-A"
          rel="noopener noreferrer"
          target="_blank"
        >
          <span />
        </a>
      </div>
    </section>
    <section
      aria-label="pick up event"
      class="css-wkpw2c"
    >
      <h1
        class="css-16hzca7-PickupSection"
      >
        Pick up events
      </h1>
      <ul
        class="css-9y1ynn"
      >
        <li
          class="css-10pxw4f"
        >
          <h2
            class="css-1a2c2qr"
          >
            へぇ王
          </h2>
          <p
            class="css-y87pn1"
          >
            先生たちが自分の研究を紹介！4年生は卒研部を考えるいい機会に！高専生、中学生に向けた勉強イベント！
          </p>
          <div
            class="css-18lwsxv"
          >
            <p
              class="css-y87pn1"
            >
              日時: 
              10/30 (日) 11:30~
            </p>
            <p
              class="css-y87pn1"
            >
              場所: 
              メインステージ
            </p>
          </div>
        </li>
        <li
          class="css-10pxw4f"
        >
          <h2
            class="css-1a2c2qr"
          >
            TTTGP
          </h2>
          <p
            class="css-y87pn1"
          >
            その名もTop of TikTok GP！TikTokで流行ったダンス、音源、TikTokerなどTikTokに関するクイズを出題！
          </p>
          <div
            class="css-18lwsxv"
          >
            <p
              class="css-y87pn1"
            >
              日時: 
              10/30 (日) 13:15~
            </p>
            <p
              class="css-y87pn1"
            >
              場所: 
              メインステージ
            </p>
          </div>
        </li>
        <li
          class="css-10pxw4f"
        >
          <h2
            class="css-1a2c2qr"
          >
            俺1GP
          </h2>
          <p
            class="css-y87pn1"
          >
            鈴鹿高専のお笑いライブ！笑いで全てを包み込め！
          </p>
          <div
            class="css-18lwsxv"
          >
            <p
              class="css-y87pn1"
            >
              日時: 
              10/31 (月) 13:00~
            </p>
            <p
              class="css-y87pn1"
            >
              場所: 
              メインステージ
            </p>
          </div>
        </li>
        <li
          class="css-10pxw4f"
        >
          <h2
            class="css-1a2c2qr"
          >
            メモリーズ
          </h2>
          <p
            class="css-y87pn1"
          >
            5年生のダンス披露！みんなで頑張って踊ります！
          </p>
          <div
            class="css-18lwsxv"
          >
            <p
              class="css-y87pn1"
            >
              日時: 
              10/31 (月) 14:15~
            </p>
            <p
              class="css-y87pn1"
            >
              場所: 
              メインステージ
            </p>
          </div>
        </li>
      </ul>
      <a
        class="css-1xkpwia-Button"
        href="/timetable"
        role="button"
        tabindex="0"
      >
        <p
          class="css-7bzdgk-Button"
        >
          タイムスケジュールを見る
        </p>
      </a>
    </section>
    <section
      aria-label="bazaar"
      class="css-wkpw2c"
    >
      <h1
        class="css-wtcl1w-BazaarSection"
      >
        Bazaar
      </h1>
      <section
        aria-label="注意事項"
        class="css-1kphsmg-BazaarSection"
        role="alert"
      >
        <div
          class="css-1m7spai"
        >
          <div
            class="css-1vlcokg"
          >
            <span />
          </div>
          <h2
            class="css-qt9rcz-Caution"
          >
            バザーに関するお願い
          </h2>
        </div>
        <ul
          class="css-mvofyw-Caution"
        >
          <li
            class="css-u80qbw-Caution"
          >
            学内における飲食物の食べ歩きはご遠慮ください。
          </li>
          <li
            class="css-u80qbw-Caution"
          >
            学内バザーにて購入した飲食物のお持ち帰りはご遠慮ください
          </li>
          <li
            class="css-u80qbw-Caution"
          >
            各出店バザーにお並びいただく際、1つの出店につきお並びいただく人数は5人までとしておりますので、当日は係員の指示に従ってください。
          </li>
        </ul>
      </section>
      <p
        class="css-sr7z0r-BazaarSection"
      >
        飲食団体は18団体、その他レクリエーションには17団体が出店しています！ 
屋台・レク等のバザー詳細についてはこちらをクリック！
      </p>
      <a
        class="css-t2w93t-Button"
        href="/bazaar"
        role="button"
        tabindex="0"
      >
        <p
          class="css-oca8th-Button"
        >
          バザーの詳細を見る
        </p>
      </a>
    </section>
    <section
      aria-label="map"
      class="css-wkpw2c"
    >
      <h1
        class="css-4pmhej-MapSection"
      >
        Map
      </h1>
      <a
        class="css-1l4w6pd"
        href="https://res.cloudinary.com/dvgtaafq5/image/upload/q_60/f_auto/v1665765554/map_vjyaf2.webp"
        rel="noopener noreferrer"
        target="_blank"
      >
        <img
          alt="校内マップ"
          class="css-1h35ydv-MapSection"
          height="2915"
          src="/statics/map.webp"
          width="4128"
        />
      </a>
    </section>
    <section
      aria-label="sponsors"
      class="css-wkpw2c"
    >
      <h1
        class="css-zsevfz-SponsorSection"
      >
        Sponsor
      </h1>
      <p
        class="css-vrdidw-SponsorSection"
      >
        第57回鈴鹿高専祭を開催するにあたり、多くの方にご支援賜りました。
こちらのページにてご協賛いただいた企業様、ご支援いただいた個人様のお名前を記載しておりますのでぜひご覧ください。
      </p>
      <a
        class="css-1ye31l5-Button"
        href="/sponsors"
        role="button"
        tabindex="0"
      >
        <p
          class="css-oca8th-Button"
        >
          READ MORE
        </p>
      </a>
    </section>
    <section
      aria-label="お問い合わせ"
      class="css-wkpw2c"
    >
      <h1
        class="css-1461gzd-ContactSection"
      >
        Contact us
      </h1>
      <p
        class="css-25tbau-ContactSection"
      >
        第57回鈴鹿高専祭に関するお問い合わせは下のボタンからお願いいたします（google formsが開きます）
      </p>
      <a
        class="css-jabq07-Button"
        href="https://forms.gle/MU9338vfudKPEnwS7"
        rel="noopener noreferrer"
        role="button"
        tabindex="0"
        target="_blank"
      >
        <p
          class="css-7bzdgk-Button"
        >
          お問い合わせ
        </p>
      </a>
    </section>
    <section
      aria-label="鈴鹿高専へのアクセス"
      class="css-zg1vud"
    >
      <h1
        class="css-8i7hlj-AccessSection"
      >
        Access
      </h1>
      <div
        class="css-1dydy61-AccessSection"
      >
        <p
          class="css-fgh3k-AccessSection"
        >
          〒
          510-0294 三重県鈴鹿市白子町
近鉄白子駅から徒歩約30分
東旭が丘三丁目バス停から徒歩約7分
        </p>
        <iframe
          allowfullscreen=""
          class="css-vt5p73-AccessSection"
          id="map"
          loading="lazy"
          referrerpolicy="no-referrer-when-downgrade"
          role="document"
          src="https://www.google.com/maps/embed/v1/view?key=AIzaSyCk9WMilIT2wiBMqcn1YZQKJz5Lzy9ipQg&center=34.85167124241317%2C136.58132309784355&zoom=15"
          title="鈴鹿工業高等専門学校の地図"
        />
      </div>
      <div
        class="css-wkpw2c"
      >
        <h2
          class="css-1cr981d-AccessSection"
        >
          お車でお越しの方へ
        </h2>
        <p
          class="css-q76i9-AccessSection"
        >
          駐車場はスペースに限りがございますのでご了承ください。
30日(日)は鈴鹿医療科学大学 白子キャンパス 様
31日(月)はMEGAドン・キホーテUNY鈴鹿店 様の屋上駐車場　をご利用ください。
        </p>
        <img
          alt="周辺の駐車場の地図"
          class="css-oa44wn-AccessSection"
          height="464"
          loading="lazy"
          src="/statics/parking.webp"
          width="640"
        />
      </div>
    </section>
    <section
      aria-label="鈴鹿高専について"
      class="css-wkpw2c"
    >
      <h1
        class="css-9ill3l-AboutSection"
      >
        NIT,Suzuka College
      </h1>
      <p
        class="css-1x1cl0z-AboutSection"
      >
        鈴鹿高専については本校ホームページをご覧ください。
      </p>
      <a
        class="css-t2w93t-Button"
        href="https://www.suzuka-ct.ac.jp"
        rel="noopener noreferrer"
        role="button"
        tabindex="0"
        target="_brank"
      >
        <p
          class="css-oca8th-Button"
        >
          鈴鹿高専ホームページ
        </p>
      </a>
    </section>
  </main>
</div>
`;
